Archive member included to satisfy reference by file (symbol)

c:/program files (x86)/atmel/studio/7.0/toolchain/avr8/avr8-gnu-toolchain/bin/../lib/gcc/avr/5.4.0/avr51\libgcc.a(_udivmodhi4.o)
                              Timming.o (__udivmodhi4)
c:/program files (x86)/atmel/studio/7.0/toolchain/avr8/avr8-gnu-toolchain/bin/../lib/gcc/avr/5.4.0/avr51\libgcc.a(_exit.o)
                              C:/Program Files (x86)/Atmel/Studio/7.0/Packs/atmel/ATmega_DFP/1.2.132/gcc/dev/atmega128a/avr51/crtatmega128a.o (exit)
c:/program files (x86)/atmel/studio/7.0/toolchain/avr8/avr8-gnu-toolchain/bin/../lib/gcc/avr/5.4.0/avr51\libgcc.a(_tablejump2.o)
                              MBSlave.o (__tablejump2__)
c:/program files (x86)/atmel/studio/7.0/toolchain/avr8/avr8-gnu-toolchain/bin/../lib/gcc/avr/5.4.0/avr51\libgcc.a(_copy_data.o)
                              Control.o (__do_copy_data)
c:/program files (x86)/atmel/studio/7.0/toolchain/avr8/avr8-gnu-toolchain/bin/../lib/gcc/avr/5.4.0/avr51\libgcc.a(_clear_bss.o)
                              Control.o (__do_clear_bss)

Allocating common symbols
Common symbol       size              file

numofonlinedevice   0xa               Control.o
buffer              0x14              Control.o
str_buffer          0x14              main.o
Online_Device_Table
                    0x258             Control.o
rxbuffer            0x100             main.o
pack                0x2               UART.o

Discarded input sections

 .data          0x00000000        0x0 C:/Program Files (x86)/Atmel/Studio/7.0/Packs/atmel/ATmega_DFP/1.2.132/gcc/dev/atmega128a/avr51/crtatmega128a.o
 .bss           0x00000000        0x0 C:/Program Files (x86)/Atmel/Studio/7.0/Packs/atmel/ATmega_DFP/1.2.132/gcc/dev/atmega128a/avr51/crtatmega128a.o
 .text          0x00000000        0x0 Control.o
 .data          0x00000000        0x0 Control.o
 .bss           0x00000000        0x0 Control.o
 .text.CheckOnlineDevice
                0x00000000       0xea Control.o
 .text.CountOnlineDevice
                0x00000000       0xa4 Control.o
 .text.Ping     0x00000000        0xc Control.o
 .text.ParseMessage
                0x00000000       0x94 Control.o
 .bss.NewMessage_Flag
                0x00000000        0x1 Control.o
 .bss.header_ok
                0x00000000        0x1 Control.o
 .bss.datapos   0x00000000        0x1 Control.o
 .bss.pos       0x00000000        0x1 Control.o
 .rodata.HEADER
                0x00000000        0x2 Control.o
 .text          0x00000000        0x0 main.o
 .data          0x00000000        0x0 main.o
 .bss           0x00000000        0x0 main.o
 .data.Rx_TypeOfLamp_Old
                0x00000000        0x1 main.o
 .data.Rx_BrightnessLevel_Old
                0x00000000        0x1 main.o
 .text          0x00000000        0x0 MBSlave.o
 .data          0x00000000        0x0 MBSlave.o
 .bss           0x00000000        0x0 MBSlave.o
 .text.modbusGetBusState
                0x00000000        0x6 MBSlave.o
 .text.modbusGetAddress
                0x00000000        0x6 MBSlave.o
 .text.listRegisterCopy
                0x00000000       0x20 MBSlave.o
 .bss.modBusStaMaStates
                0x00000000        0x1 MBSlave.o
 .text          0x00000000        0x0 Timming.o
 .data          0x00000000        0x0 Timming.o
 .bss           0x00000000        0x0 Timming.o
 .text.initInterrupt
                0x00000000       0x10 Timming.o
 .text.StartStop_PWM
                0x00000000       0x2c Timming.o
 .text.initTimer2
                0x00000000       0x14 Timming.o
 .text          0x00000000        0x0 UART.o
 .data          0x00000000        0x0 UART.o
 .bss           0x00000000        0x0 UART.o
 .text.readUART1
                0x00000000       0x50 UART.o
 .text.writeUART1Raw
                0x00000000        0x4 UART.o
 .text.writeWordUART1
                0x00000000       0x20 UART.o
 .text.writeWordUART1Raw
                0x00000000       0x16 UART.o
 .text.readWordUART1
                0x00000000       0x22 UART.o
 .text.queueLengthUART1
                0x00000000       0x42 UART.o
 .text.flushUART1RX
                0x00000000       0x12 UART.o
 .text.readUART2
                0x00000000       0x50 UART.o
 .text.writeUART2
                0x00000000        0xe UART.o
 .text.writeUART2Raw
                0x00000000        0x6 UART.o
 .text.writeWordUART2
                0x00000000       0x20 UART.o
 .text.writeWordUART2Raw
                0x00000000       0x1e UART.o
 .text.writeMStringUART2
                0x00000000       0x26 UART.o
 .text.writeStringUART2
                0x00000000        0x4 UART.o
 .text.readWordUART2
                0x00000000       0x22 UART.o
 .text.queueLengthUART2
                0x00000000       0x42 UART.o
 .text.flushUART2RX
                0x00000000       0x12 UART.o
 .text.toHex    0x00000000       0x22 UART.o
 .text.toHexStr2
                0x00000000       0x96 UART.o
 .text.toHexStr4
                0x00000000       0x82 UART.o
 .text.toStr    0x00000000        0x4 UART.o
 .text.toDecStr
                0x00000000       0x28 UART.o
 .text.toDecStr5
                0x00000000       0x28 UART.o
 .rodata.CSWTCH.65
                0x00000000       0x26 UART.o
 .bss.queueUART2
                0x00000000       0x64 UART.o
 COMMON         0x00000000        0x2 UART.o
 .text          0x00000000        0x0 c:/program files (x86)/atmel/studio/7.0/toolchain/avr8/avr8-gnu-toolchain/bin/../lib/gcc/avr/5.4.0/avr51\libgcc.a(_udivmodhi4.o)
 .data          0x00000000        0x0 c:/program files (x86)/atmel/studio/7.0/toolchain/avr8/avr8-gnu-toolchain/bin/../lib/gcc/avr/5.4.0/avr51\libgcc.a(_udivmodhi4.o)
 .bss           0x00000000        0x0 c:/program files (x86)/atmel/studio/7.0/toolchain/avr8/avr8-gnu-toolchain/bin/../lib/gcc/avr/5.4.0/avr51\libgcc.a(_udivmodhi4.o)
 .text.libgcc.mul
                0x00000000        0x0 c:/program files (x86)/atmel/studio/7.0/toolchain/avr8/avr8-gnu-toolchain/bin/../lib/gcc/avr/5.4.0/avr51\libgcc.a(_udivmodhi4.o)
 .text.libgcc   0x00000000        0x0 c:/program files (x86)/atmel/studio/7.0/toolchain/avr8/avr8-gnu-toolchain/bin/../lib/gcc/avr/5.4.0/avr51\libgcc.a(_udivmodhi4.o)
 .text.libgcc.prologue
                0x00000000        0x0 c:/program files (x86)/atmel/studio/7.0/toolchain/avr8/avr8-gnu-toolchain/bin/../lib/gcc/avr/5.4.0/avr51\libgcc.a(_udivmodhi4.o)
 .text.libgcc.builtins
                0x00000000        0x0 c:/program files (x86)/atmel/studio/7.0/toolchain/avr8/avr8-gnu-toolchain/bin/../lib/gcc/avr/5.4.0/avr51\libgcc.a(_udivmodhi4.o)
 .text.libgcc.fmul
                0x00000000        0x0 c:/program files (x86)/atmel/studio/7.0/toolchain/avr8/avr8-gnu-toolchain/bin/../lib/gcc/avr/5.4.0/avr51\libgcc.a(_udivmodhi4.o)
 .text.libgcc.fixed
                0x00000000        0x0 c:/program files (x86)/atmel/studio/7.0/toolchain/avr8/avr8-gnu-toolchain/bin/../lib/gcc/avr/5.4.0/avr51\libgcc.a(_udivmodhi4.o)
 .text          0x00000000        0x0 c:/program files (x86)/atmel/studio/7.0/toolchain/avr8/avr8-gnu-toolchain/bin/../lib/gcc/avr/5.4.0/avr51\libgcc.a(_exit.o)
 .data          0x00000000        0x0 c:/program files (x86)/atmel/studio/7.0/toolchain/avr8/avr8-gnu-toolchain/bin/../lib/gcc/avr/5.4.0/avr51\libgcc.a(_exit.o)
 .bss           0x00000000        0x0 c:/program files (x86)/atmel/studio/7.0/toolchain/avr8/avr8-gnu-toolchain/bin/../lib/gcc/avr/5.4.0/avr51\libgcc.a(_exit.o)
 .text.libgcc.mul
                0x00000000        0x0 c:/program files (x86)/atmel/studio/7.0/toolchain/avr8/avr8-gnu-toolchain/bin/../lib/gcc/avr/5.4.0/avr51\libgcc.a(_exit.o)
 .text.libgcc.div
                0x00000000        0x0 c:/program files (x86)/atmel/studio/7.0/toolchain/avr8/avr8-gnu-toolchain/bin/../lib/gcc/avr/5.4.0/avr51\libgcc.a(_exit.o)
 .text.libgcc   0x00000000        0x0 c:/program files (x86)/atmel/studio/7.0/toolchain/avr8/avr8-gnu-toolchain/bin/../lib/gcc/avr/5.4.0/avr51\libgcc.a(_exit.o)
 .text.libgcc.prologue
                0x00000000        0x0 c:/program files (x86)/atmel/studio/7.0/toolchain/avr8/avr8-gnu-toolchain/bin/../lib/gcc/avr/5.4.0/avr51\libgcc.a(_exit.o)
 .text.libgcc.builtins
                0x00000000        0x0 c:/program files (x86)/atmel/studio/7.0/toolchain/avr8/avr8-gnu-toolchain/bin/../lib/gcc/avr/5.4.0/avr51\libgcc.a(_exit.o)
 .text.libgcc.fmul
                0x00000000        0x0 c:/program files (x86)/atmel/studio/7.0/toolchain/avr8/avr8-gnu-toolchain/bin/../lib/gcc/avr/5.4.0/avr51\libgcc.a(_exit.o)
 .text.libgcc.fixed
                0x00000000        0x0 c:/program files (x86)/atmel/studio/7.0/toolchain/avr8/avr8-gnu-toolchain/bin/../lib/gcc/avr/5.4.0/avr51\libgcc.a(_exit.o)
 .text          0x00000000        0x0 c:/program files (x86)/atmel/studio/7.0/toolchain/avr8/avr8-gnu-toolchain/bin/../lib/gcc/avr/5.4.0/avr51\libgcc.a(_tablejump2.o)
 .data          0x00000000        0x0 c:/program files (x86)/atmel/studio/7.0/toolchain/avr8/avr8-gnu-toolchain/bin/../lib/gcc/avr/5.4.0/avr51\libgcc.a(_tablejump2.o)
 .bss           0x00000000        0x0 c:/program files (x86)/atmel/studio/7.0/toolchain/avr8/avr8-gnu-toolchain/bin/../lib/gcc/avr/5.4.0/avr51\libgcc.a(_tablejump2.o)
 .text.libgcc.mul
                0x00000000        0x0 c:/program files (x86)/atmel/studio/7.0/toolchain/avr8/avr8-gnu-toolchain/bin/../lib/gcc/avr/5.4.0/avr51\libgcc.a(_tablejump2.o)
 .text.libgcc.div
                0x00000000        0x0 c:/program files (x86)/atmel/studio/7.0/toolchain/avr8/avr8-gnu-toolchain/bin/../lib/gcc/avr/5.4.0/avr51\libgcc.a(_tablejump2.o)
 .text.libgcc.prologue
                0x00000000        0x0 c:/program files (x86)/atmel/studio/7.0/toolchain/avr8/avr8-gnu-toolchain/bin/../lib/gcc/avr/5.4.0/avr51\libgcc.a(_tablejump2.o)
 .text.libgcc.builtins
                0x00000000        0x0 c:/program files (x86)/atmel/studio/7.0/toolchain/avr8/avr8-gnu-toolchain/bin/../lib/gcc/avr/5.4.0/avr51\libgcc.a(_tablejump2.o)
 .text.libgcc.fmul
                0x00000000        0x0 c:/program files (x86)/atmel/studio/7.0/toolchain/avr8/avr8-gnu-toolchain/bin/../lib/gcc/avr/5.4.0/avr51\libgcc.a(_tablejump2.o)
 .text.libgcc.fixed
                0x00000000        0x0 c:/program files (x86)/atmel/studio/7.0/toolchain/avr8/avr8-gnu-toolchain/bin/../lib/gcc/avr/5.4.0/avr51\libgcc.a(_tablejump2.o)
 .text          0x00000000        0x0 c:/program files (x86)/atmel/studio/7.0/toolchain/avr8/avr8-gnu-toolchain/bin/../lib/gcc/avr/5.4.0/avr51\libgcc.a(_copy_data.o)
 .data          0x00000000        0x0 c:/program files (x86)/atmel/studio/7.0/toolchain/avr8/avr8-gnu-toolchain/bin/../lib/gcc/avr/5.4.0/avr51\libgcc.a(_copy_data.o)
 .bss           0x00000000        0x0 c:/program files (x86)/atmel/studio/7.0/toolchain/avr8/avr8-gnu-toolchain/bin/../lib/gcc/avr/5.4.0/avr51\libgcc.a(_copy_data.o)
 .text.libgcc.mul
                0x00000000        0x0 c:/program files (x86)/atmel/studio/7.0/toolchain/avr8/avr8-gnu-toolchain/bin/../lib/gcc/avr/5.4.0/avr51\libgcc.a(_copy_data.o)
 .text.libgcc.div
                0x00000000        0x0 c:/program files (x86)/atmel/studio/7.0/toolchain/avr8/avr8-gnu-toolchain/bin/../lib/gcc/avr/5.4.0/avr51\libgcc.a(_copy_data.o)
 .text.libgcc   0x00000000        0x0 c:/program files (x86)/atmel/studio/7.0/toolchain/avr8/avr8-gnu-toolchain/bin/../lib/gcc/avr/5.4.0/avr51\libgcc.a(_copy_data.o)
 .text.libgcc.prologue
                0x00000000        0x0 c:/program files (x86)/atmel/studio/7.0/toolchain/avr8/avr8-gnu-toolchain/bin/../lib/gcc/avr/5.4.0/avr51\libgcc.a(_copy_data.o)
 .text.libgcc.builtins
                0x00000000        0x0 c:/program files (x86)/atmel/studio/7.0/toolchain/avr8/avr8-gnu-toolchain/bin/../lib/gcc/avr/5.4.0/avr51\libgcc.a(_copy_data.o)
 .text.libgcc.fmul
                0x00000000        0x0 c:/program files (x86)/atmel/studio/7.0/toolchain/avr8/avr8-gnu-toolchain/bin/../lib/gcc/avr/5.4.0/avr51\libgcc.a(_copy_data.o)
 .text.libgcc.fixed
                0x00000000        0x0 c:/program files (x86)/atmel/studio/7.0/toolchain/avr8/avr8-gnu-toolchain/bin/../lib/gcc/avr/5.4.0/avr51\libgcc.a(_copy_data.o)
 .text          0x00000000        0x0 c:/program files (x86)/atmel/studio/7.0/toolchain/avr8/avr8-gnu-toolchain/bin/../lib/gcc/avr/5.4.0/avr51\libgcc.a(_clear_bss.o)
 .data          0x00000000        0x0 c:/program files (x86)/atmel/studio/7.0/toolchain/avr8/avr8-gnu-toolchain/bin/../lib/gcc/avr/5.4.0/avr51\libgcc.a(_clear_bss.o)
 .bss           0x00000000        0x0 c:/program files (x86)/atmel/studio/7.0/toolchain/avr8/avr8-gnu-toolchain/bin/../lib/gcc/avr/5.4.0/avr51\libgcc.a(_clear_bss.o)
 .text.libgcc.mul
                0x00000000        0x0 c:/program files (x86)/atmel/studio/7.0/toolchain/avr8/avr8-gnu-toolchain/bin/../lib/gcc/avr/5.4.0/avr51\libgcc.a(_clear_bss.o)
 .text.libgcc.div
                0x00000000        0x0 c:/program files (x86)/atmel/studio/7.0/toolchain/avr8/avr8-gnu-toolchain/bin/../lib/gcc/avr/5.4.0/avr51\libgcc.a(_clear_bss.o)
 .text.libgcc   0x00000000        0x0 c:/program files (x86)/atmel/studio/7.0/toolchain/avr8/avr8-gnu-toolchain/bin/../lib/gcc/avr/5.4.0/avr51\libgcc.a(_clear_bss.o)
 .text.libgcc.prologue
                0x00000000        0x0 c:/program files (x86)/atmel/studio/7.0/toolchain/avr8/avr8-gnu-toolchain/bin/../lib/gcc/avr/5.4.0/avr51\libgcc.a(_clear_bss.o)
 .text.libgcc.builtins
                0x00000000        0x0 c:/program files (x86)/atmel/studio/7.0/toolchain/avr8/avr8-gnu-toolchain/bin/../lib/gcc/avr/5.4.0/avr51\libgcc.a(_clear_bss.o)
 .text.libgcc.fmul
                0x00000000        0x0 c:/program files (x86)/atmel/studio/7.0/toolchain/avr8/avr8-gnu-toolchain/bin/../lib/gcc/avr/5.4.0/avr51\libgcc.a(_clear_bss.o)
 .text.libgcc.fixed
                0x00000000        0x0 c:/program files (x86)/atmel/studio/7.0/toolchain/avr8/avr8-gnu-toolchain/bin/../lib/gcc/avr/5.4.0/avr51\libgcc.a(_clear_bss.o)

Memory Configuration

Name             Origin             Length             Attributes
text             0x00000000         0x00020000         xr
data             0x00800100         0x0000ff00         rw !x
eeprom           0x00810000         0x00010000         rw !x
fuse             0x00820000         0x00000003         rw !x
lock             0x00830000         0x00000400         rw !x
signature        0x00840000         0x00000400         rw !x
user_signatures  0x00850000         0x00000400         rw !x
*default*        0x00000000         0xffffffff

Linker script and memory map

Address of section .data set to 0x800100
LOAD C:/Program Files (x86)/Atmel/Studio/7.0/Packs/atmel/ATmega_DFP/1.2.132/gcc/dev/atmega128a/avr51/crtatmega128a.o
LOAD Control.o
LOAD main.o
LOAD MBSlave.o
LOAD Timming.o
LOAD UART.o
START GROUP
LOAD c:/program files (x86)/atmel/studio/7.0/toolchain/avr8/avr8-gnu-toolchain/bin/../lib/gcc/avr/5.4.0/../../../../avr/lib/avr51\libm.a
END GROUP
START GROUP
LOAD c:/program files (x86)/atmel/studio/7.0/toolchain/avr8/avr8-gnu-toolchain/bin/../lib/gcc/avr/5.4.0/avr51\libgcc.a
LOAD c:/program files (x86)/atmel/studio/7.0/toolchain/avr8/avr8-gnu-toolchain/bin/../lib/gcc/avr/5.4.0/../../../../avr/lib/avr51\libm.a
LOAD c:/program files (x86)/atmel/studio/7.0/toolchain/avr8/avr8-gnu-toolchain/bin/../lib/gcc/avr/5.4.0/../../../../avr/lib/avr51\libc.a
LOAD C:/Program Files (x86)/Atmel/Studio/7.0/Packs/atmel/ATmega_DFP/1.2.132/gcc/dev/atmega128a/avr51\libatmega128a.a
END GROUP
                0x00020000                __TEXT_REGION_LENGTH__ = DEFINED (__TEXT_REGION_LENGTH__)?__TEXT_REGION_LENGTH__:0x20000
                0x0000ff00                __DATA_REGION_LENGTH__ = DEFINED (__DATA_REGION_LENGTH__)?__DATA_REGION_LENGTH__:0xff00
                0x00010000                __EEPROM_REGION_LENGTH__ = DEFINED (__EEPROM_REGION_LENGTH__)?__EEPROM_REGION_LENGTH__:0x10000
                [0x00000003]                __FUSE_REGION_LENGTH__ = DEFINED (__FUSE_REGION_LENGTH__)?__FUSE_REGION_LENGTH__:0x400
                0x00000400                __LOCK_REGION_LENGTH__ = DEFINED (__LOCK_REGION_LENGTH__)?__LOCK_REGION_LENGTH__:0x400
                0x00000400                __SIGNATURE_REGION_LENGTH__ = DEFINED (__SIGNATURE_REGION_LENGTH__)?__SIGNATURE_REGION_LENGTH__:0x400
                0x00000400                __USER_SIGNATURE_REGION_LENGTH__ = DEFINED (__USER_SIGNATURE_REGION_LENGTH__)?__USER_SIGNATURE_REGION_LENGTH__:0x400

.hash
 *(.hash)

.dynsym
 *(.dynsym)

.dynstr
 *(.dynstr)

.gnu.version
 *(.gnu.version)

.gnu.version_d
 *(.gnu.version_d)

.gnu.version_r
 *(.gnu.version_r)

.rel.init
 *(.rel.init)

.rela.init
 *(.rela.init)

.rel.text
 *(.rel.text)
 *(.rel.text.*)
 *(.rel.gnu.linkonce.t*)

.rela.text
 *(.rela.text)
 *(.rela.text.*)
 *(.rela.gnu.linkonce.t*)

.rel.fini
 *(.rel.fini)

.rela.fini
 *(.rela.fini)

.rel.rodata
 *(.rel.rodata)
 *(.rel.rodata.*)
 *(.rel.gnu.linkonce.r*)

.rela.rodata
 *(.rela.rodata)
 *(.rela.rodata.*)
 *(.rela.gnu.linkonce.r*)

.rel.data
 *(.rel.data)
 *(.rel.data.*)
 *(.rel.gnu.linkonce.d*)

.rela.data
 *(.rela.data)
 *(.rela.data.*)
 *(.rela.gnu.linkonce.d*)

.rel.ctors
 *(.rel.ctors)

.rela.ctors
 *(.rela.ctors)

.rel.dtors
 *(.rel.dtors)

.rela.dtors
 *(.rela.dtors)

.rel.got
 *(.rel.got)

.rela.got
 *(.rela.got)

.rel.bss
 *(.rel.bss)

.rela.bss
 *(.rela.bss)

.rel.plt
 *(.rel.plt)

.rela.plt
 *(.rela.plt)

.text           0x00000000      0xcf0
 *(.vectors)
 .vectors       0x00000000       0x8c C:/Program Files (x86)/Atmel/Studio/7.0/Packs/atmel/ATmega_DFP/1.2.132/gcc/dev/atmega128a/avr51/crtatmega128a.o
                0x00000000                __vector_default
                0x00000000                __vectors
 *(.vectors)
 *(.progmem.gcc*)
 .progmem.gcc_sw_table.modbusGet
                0x0000008c       0x20 MBSlave.o
                0x000000ac                . = ALIGN (0x2)
                0x000000ac                __trampolines_start = .
 *(.trampolines)
 .trampolines   0x000000ac        0x0 linker stubs
 *(.trampolines*)
                0x000000ac                __trampolines_end = .
 *libprintf_flt.a:*(.progmem.data)
 *libc.a:*(.progmem.data)
 *(.progmem*)
                0x000000ac                . = ALIGN (0x2)
 *(.jumptables)
 *(.jumptables*)
 *(.lowtext)
 *(.lowtext*)
                0x000000ac                __ctors_start = .
 *(.ctors)
                0x000000ac                __ctors_end = .
                0x000000ac                __dtors_start = .
 *(.dtors)
                0x000000ac                __dtors_end = .
 SORT(*)(.ctors)
 SORT(*)(.dtors)
 *(.init0)
 .init0         0x000000ac        0x0 C:/Program Files (x86)/Atmel/Studio/7.0/Packs/atmel/ATmega_DFP/1.2.132/gcc/dev/atmega128a/avr51/crtatmega128a.o
                0x000000ac                __init
 *(.init0)
 *(.init1)
 *(.init1)
 *(.init2)
 .init2         0x000000ac        0xc C:/Program Files (x86)/Atmel/Studio/7.0/Packs/atmel/ATmega_DFP/1.2.132/gcc/dev/atmega128a/avr51/crtatmega128a.o
 *(.init2)
 *(.init3)
 *(.init3)
 *(.init4)
 .init4         0x000000b8       0x1a c:/program files (x86)/atmel/studio/7.0/toolchain/avr8/avr8-gnu-toolchain/bin/../lib/gcc/avr/5.4.0/avr51\libgcc.a(_copy_data.o)
                0x000000b8                __do_copy_data
 .init4         0x000000d2       0x10 c:/program files (x86)/atmel/studio/7.0/toolchain/avr8/avr8-gnu-toolchain/bin/../lib/gcc/avr/5.4.0/avr51\libgcc.a(_clear_bss.o)
                0x000000d2                __do_clear_bss
 *(.init4)
 *(.init5)
 *(.init5)
 *(.init6)
 *(.init6)
 *(.init7)
 *(.init7)
 *(.init8)
 *(.init8)
 *(.init9)
 .init9         0x000000e2        0x4 C:/Program Files (x86)/Atmel/Studio/7.0/Packs/atmel/ATmega_DFP/1.2.132/gcc/dev/atmega128a/avr51/crtatmega128a.o
 *(.init9)
 *(.text)
 .text          0x000000e6        0x2 C:/Program Files (x86)/Atmel/Studio/7.0/Packs/atmel/ATmega_DFP/1.2.132/gcc/dev/atmega128a/avr51/crtatmega128a.o
                0x000000e6                __vector_22
                0x000000e6                __vector_28
                0x000000e6                __vector_34
                0x000000e6                __vector_24
                0x000000e6                __bad_interrupt
                0x000000e6                __vector_6
                0x000000e6                __vector_3
                0x000000e6                __vector_23
                0x000000e6                __vector_25
                0x000000e6                __vector_11
                0x000000e6                __vector_13
                0x000000e6                __vector_17
                0x000000e6                __vector_19
                0x000000e6                __vector_7
                0x000000e6                __vector_27
                0x000000e6                __vector_5
                0x000000e6                __vector_33
                0x000000e6                __vector_4
                0x000000e6                __vector_21
                0x000000e6                __vector_15
                0x000000e6                __vector_29
                0x000000e6                __vector_8
                0x000000e6                __vector_26
                0x000000e6                __vector_14
                0x000000e6                __vector_10
                0x000000e6                __vector_20
                0x000000e8                . = ALIGN (0x2)
 *(.text.*)
 .text.Read_Brightness_Level
                0x000000e8       0x20 Control.o
                0x000000e8                Read_Brightness_Level
 .text.Read_TypeOfLamp_To_Control
                0x00000108       0x20 Control.o
                0x00000108                Read_TypeOfLamp_To_Control
 .text.Feedback_Control
                0x00000128       0x5a Control.o
                0x00000128                Feedback_Control
 .text.ClearOnlineTable
                0x00000182       0x3c Control.o
                0x00000182                ClearOnlineTable
 .text.SendMessage
                0x000001be       0x50 Control.o
                0x000001be                SendMessage
 .text.InitIO   0x0000020e       0x24 main.o
                0x0000020e                InitIO
 .text.init     0x00000232       0x36 main.o
                0x00000232                init
 .text.startup.main
                0x00000268       0xec main.o
                0x00000268                main
 .text.modbusSetAddress
                0x00000354        0x6 MBSlave.o
                0x00000354                modbusSetAddress
 .text.transceiver_txen
                0x0000035a        0x4 MBSlave.o
                0x0000035a                transceiver_txen
 .text.transceiver_rxen
                0x0000035e        0x4 MBSlave.o
                0x0000035e                transceiver_rxen
 .text.crc16    0x00000362       0x80 MBSlave.o
                0x00000362                crc16
 .text.listBitCopy
                0x000003e2       0x60 MBSlave.o
                0x000003e2                listBitCopy
 .text.modbusReset
                0x00000442       0x10 MBSlave.o
                0x00000442                modbusReset
 .text.modbusTickTimer
                0x00000452       0x80 MBSlave.o
                0x00000452                modbusTickTimer
 .text.__vector_30
                0x000004d2       0xec MBSlave.o
                0x000004d2                __vector_30
 .text.__vector_31
                0x000005be       0x8c MBSlave.o
                0x000005be                __vector_31
 .text.__vector_32
                0x0000064a       0x50 MBSlave.o
                0x0000064a                __vector_32
 .text.modbusInit
                0x0000069a        0xc MBSlave.o
                0x0000069a                modbusInit
 .text.modbusSendMessage
                0x000006a6       0x3a MBSlave.o
                0x000006a6                modbusSendMessage
 .text.modbusSendException
                0x000006e0       0x10 MBSlave.o
                0x000006e0                modbusSendException
 .text.modbusRequestedAmount
                0x000006f0        0xe MBSlave.o
                0x000006f0                modbusRequestedAmount
 .text.modbusRequestedAddress
                0x000006fe        0xe MBSlave.o
                0x000006fe                modbusRequestedAddress
 .text.intToModbusRegister
                0x0000070c       0x20 MBSlave.o
                0x0000070c                intToModbusRegister
 .text.modbusRegisterToInt
                0x0000072c       0x28 MBSlave.o
                0x0000072c                modbusRegisterToInt
 .text.modbusExchangeRegisters
                0x00000754      0x102 MBSlave.o
                0x00000754                modbusExchangeRegisters
 .text.modbusExchangeBits
                0x00000856      0x150 MBSlave.o
                0x00000856                modbusExchangeBits
 .text.modbusGet
                0x000009a6       0xc2 MBSlave.o
                0x000009a6                modbusGet
 .text.initTimer0
                0x00000a68       0x10 Timming.o
                0x00000a68                initTimer0
 .text.initTimer1
                0x00000a78       0x14 Timming.o
                0x00000a78                initTimer1
 .text.__vector_16
                0x00000a8c       0x98 Timming.o
                0x00000a8c                __vector_16
 .text.__vector_12
                0x00000b24       0x50 Timming.o
                0x00000b24                __vector_12
 .text.__vector_9
                0x00000b74       0x16 Timming.o
                0x00000b74                __vector_9
 .text.__vector_2
                0x00000b8a       0x14 Timming.o
                0x00000b8a                __vector_2
 .text.__vector_1
                0x00000b9e       0x14 Timming.o
                0x00000b9e                __vector_1
 .text.initUART
                0x00000bb2       0x50 UART.o
                0x00000bb2                initUART
 .text.writeUART1
                0x00000c02        0x8 UART.o
                0x00000c02                writeUART1
 .text.writeMStringUART1
                0x00000c0a       0x24 UART.o
                0x00000c0a                writeMStringUART1
 .text.writeStringUART1
                0x00000c2e        0x2 UART.o
                0x00000c2e                writeStringUART1
 .text.__vector_18
                0x00000c30       0x64 UART.o
                0x00000c30                __vector_18
 .text.toDecStr2
                0x00000c94       0x1e UART.o
                0x00000c94                toDecStr2
 .text.libgcc.div
                0x00000cb2       0x28 c:/program files (x86)/atmel/studio/7.0/toolchain/avr8/avr8-gnu-toolchain/bin/../lib/gcc/avr/5.4.0/avr51\libgcc.a(_udivmodhi4.o)
                0x00000cb2                __udivmodhi4
 .text.libgcc   0x00000cda       0x12 c:/program files (x86)/atmel/studio/7.0/toolchain/avr8/avr8-gnu-toolchain/bin/../lib/gcc/avr/5.4.0/avr51\libgcc.a(_tablejump2.o)
                0x00000cda                __tablejump2__
                0x00000cec                . = ALIGN (0x2)
 *(.fini9)
 .fini9         0x00000cec        0x0 c:/program files (x86)/atmel/studio/7.0/toolchain/avr8/avr8-gnu-toolchain/bin/../lib/gcc/avr/5.4.0/avr51\libgcc.a(_exit.o)
                0x00000cec                _exit
                0x00000cec                exit
 *(.fini9)
 *(.fini8)
 *(.fini8)
 *(.fini7)
 *(.fini7)
 *(.fini6)
 *(.fini6)
 *(.fini5)
 *(.fini5)
 *(.fini4)
 *(.fini4)
 *(.fini3)
 *(.fini3)
 *(.fini2)
 *(.fini2)
 *(.fini1)
 *(.fini1)
 *(.fini0)
 .fini0         0x00000cec        0x4 c:/program files (x86)/atmel/studio/7.0/toolchain/avr8/avr8-gnu-toolchain/bin/../lib/gcc/avr/5.4.0/avr51\libgcc.a(_exit.o)
 *(.fini0)
                0x00000cf0                _etext = .

.data           0x00800100       0x26 load address 0x00000cf0
                0x00800100                PROVIDE (__data_start, .)
 *(.data)
 *(.data*)
 .data.BrightnessLevelOld
                0x00800100        0x1 main.o
                0x00800100                BrightnessLevelOld
 .data.TypeOfLampOld
                0x00800101        0x1 main.o
                0x00800101                TypeOfLampOld
 .data.holdingRegisters
                0x00800102       0x14 MBSlave.o
                0x00800102                holdingRegisters
 .data.inputRegisters
                0x00800116        0x6 MBSlave.o
                0x00800116                inputRegisters
 .data.PacketTopIndex
                0x0080011c        0x1 MBSlave.o
                0x0080011c                PacketTopIndex
 *(.rodata)
 *(.rodata*)
 .rodata.str1.1
                0x0080011d        0x9 Control.o
                                  0xb (size before relaxing)
 *(.gnu.linkonce.d*)
                0x00800126                . = ALIGN (0x2)
                0x00800126                _edata = .
                0x00800126                PROVIDE (__data_end, .)

.bss            0x00800126      0x407
                0x00800126                PROVIDE (__bss_start, .)
 *(.bss)
 *(.bss*)
 .bss.Multiwire_MODBUS_Mode
                0x00800126        0x1 main.o
                0x00800126                Multiwire_MODBUS_Mode
 .bss.BrightnessLevel
                0x00800127        0x1 main.o
                0x00800127                BrightnessLevel
 .bss.TypeOfLamp
                0x00800128        0x1 main.o
                0x00800128                TypeOfLamp
 .bss.Address   0x00800129        0x1 MBSlave.o
                0x00800129                Address
 .bss.outstate  0x0080012a        0x1 MBSlave.o
                0x0080012a                outstate
 .bss.instate   0x0080012b        0x1 MBSlave.o
                0x0080012b                instate
 .bss.modbusTimer
                0x0080012c        0x2 MBSlave.o
                0x0080012c                modbusTimer
 .bss.BusState  0x0080012e        0x1 MBSlave.o
                0x0080012e                BusState
 .bss.DataPos   0x0080012f        0x2 MBSlave.o
                0x0080012f                DataPos
 .bss.tick      0x00800131        0x2 Timming.o
                0x00800131                tick
 .bss.flag_1Hz  0x00800133        0x1 Timming.o
                0x00800133                flag_1Hz
 .bss.flag_10Hz
                0x00800134        0x1 Timming.o
                0x00800134                flag_10Hz
 .bss.flag_100Hz
                0x00800135        0x1 Timming.o
                0x00800135                flag_100Hz
 .bss.flag_1kHz
                0x00800136        0x1 Timming.o
                0x00800136                flag_1kHz
 .bss.bottomQueue2
                0x00800137        0x2 UART.o
 .bss.topQueue2
                0x00800139        0x2 UART.o
 .bss.bottomQueue1
                0x0080013b        0x2 UART.o
 .bss.topQueue1
                0x0080013d        0x2 UART.o
 .bss.queueUART1
                0x0080013f       0x64 UART.o
 *(COMMON)
 COMMON         0x008001a3      0x276 Control.o
                0x008001a3                numofonlinedevice
                0x008001ad                buffer
                0x008001c1                Online_Device_Table
 COMMON         0x00800419      0x114 main.o
                0x00800419                str_buffer
                0x0080042d                rxbuffer
                0x0080052d                PROVIDE (__bss_end, .)
                0x00000cf0                __data_load_start = LOADADDR (.data)
                0x00000d16                __data_load_end = (__data_load_start + SIZEOF (.data))

.noinit         0x0080052d        0x0
                [!provide]                PROVIDE (__noinit_start, .)
 *(.noinit*)
                [!provide]                PROVIDE (__noinit_end, .)
                0x0080052d                _end = .
                [!provide]                PROVIDE (__heap_start, .)

.eeprom         0x00810000        0x0
 *(.eeprom*)
                0x00810000                __eeprom_end = .

.fuse
 *(.fuse)
 *(.lfuse)
 *(.hfuse)
 *(.efuse)

.lock
 *(.lock*)

.signature
 *(.signature*)

.user_signatures
 *(.user_signatures*)

.stab
 *(.stab)

.stabstr
 *(.stabstr)

.stab.excl
 *(.stab.excl)

.stab.exclstr
 *(.stab.exclstr)

.stab.index
 *(.stab.index)

.stab.indexstr
 *(.stab.indexstr)

.comment        0x00000000       0x30
 *(.comment)
 .comment       0x00000000       0x30 Control.o
                                 0x31 (size before relaxing)
 .comment       0x00000030       0x31 main.o
 .comment       0x00000030       0x31 MBSlave.o
 .comment       0x00000030       0x31 Timming.o
 .comment       0x00000030       0x31 UART.o

.note.gnu.avr.deviceinfo
                0x00000000       0x40
 .note.gnu.avr.deviceinfo
                0x00000000       0x40 C:/Program Files (x86)/Atmel/Studio/7.0/Packs/atmel/ATmega_DFP/1.2.132/gcc/dev/atmega128a/avr51/crtatmega128a.o

.note.gnu.build-id
 *(.note.gnu.build-id)

.debug
 *(.debug)

.line
 *(.line)

.debug_srcinfo
 *(.debug_srcinfo)

.debug_sfnames
 *(.debug_sfnames)

.debug_aranges
 *(.debug_aranges)

.debug_pubnames
 *(.debug_pubnames)

.debug_info     0x00000000      0x780
 *(.debug_info .gnu.linkonce.wi.*)
 .debug_info    0x00000000      0x780 C:/Program Files (x86)/Atmel/Studio/7.0/Packs/atmel/ATmega_DFP/1.2.132/gcc/dev/atmega128a/avr51/crtatmega128a.o

.debug_abbrev   0x00000000      0x718
 *(.debug_abbrev)
 .debug_abbrev  0x00000000      0x718 C:/Program Files (x86)/Atmel/Studio/7.0/Packs/atmel/ATmega_DFP/1.2.132/gcc/dev/atmega128a/avr51/crtatmega128a.o

.debug_line     0x00000000      0x169
 *(.debug_line .debug_line.* .debug_line_end)
 .debug_line    0x00000000      0x169 C:/Program Files (x86)/Atmel/Studio/7.0/Packs/atmel/ATmega_DFP/1.2.132/gcc/dev/atmega128a/avr51/crtatmega128a.o

.debug_frame
 *(.debug_frame)

.debug_str      0x00000000      0x27d
 *(.debug_str)
 .debug_str     0x00000000      0x27d C:/Program Files (x86)/Atmel/Studio/7.0/Packs/atmel/ATmega_DFP/1.2.132/gcc/dev/atmega128a/avr51/crtatmega128a.o

.debug_loc
 *(.debug_loc)

.debug_macinfo
 *(.debug_macinfo)

.debug_weaknames
 *(.debug_weaknames)

.debug_funcnames
 *(.debug_funcnames)

.debug_typenames
 *(.debug_typenames)

.debug_varnames
 *(.debug_varnames)

.debug_pubtypes
 *(.debug_pubtypes)

.debug_ranges
 *(.debug_ranges)

.debug_macro
 *(.debug_macro)
OUTPUT(ALCS Remote.elf elf32-avr)
LOAD linker stubs
